
> simpilot-mvp@0.0.0 test:e2e
> playwright test tests/e2e/local-ingest-to-dashboard.spec.ts

node.exe : [2m[WebServer] [22m[33m
At C:\Program Files\nodejs\npm.ps1:29 char:3
+   & $NODE_EXE $NPM_CLI_JS $args
+   ~~~~~~~~~~~~~~~~~~~~~~~~~~~~~
    + CategoryInfo          : NotSpecified: ([2m[WebServer] [22m[33m:String) [], RemoteExce 
   ption
    + FullyQualifiedErrorId : NativeCommandError
 
[2m[WebServer] [22m(!) Some chunks are larger than 500 kB after minification. Consider:
[2m[WebServer] [22m- Using dynamic import() to code-split the application
[2m[WebServer] [22m- Use build.rollupOptions.output.manualChunks to improve chunking: 
https://rollupjs.org/configuration-options/#output-manualchunks
[2m[WebServer] [22m- Adjust chunk size limit for this warning via 
build.chunkSizeWarningLimit.[39m

Running 1 test using 1 worker

PAGE LOG: LayoutShell render. hasData: false
PAGE LOG: LayoutShell render. hasData: false
PAGE LOG: LayoutShell render. hasData: false
PAGE LOG: DashboardPage render. hasData: false
Sim Path: 
C:\Users\George\source\repos\AntiG\SimPilot\tests\fixtures\excel\SimulationStatus_TEST.xlsx
Eq Path: 
C:\Users\George\source\repos\AntiG\SimPilot\tests\fixtures\excel\EquipmentList_TEST.xlsx
PAGE LOG: LayoutShell render. hasData: false
PAGE LOG: LayoutShell render. hasData: false
PAGE LOG: LayoutShell render. hasData: false
PAGE LOG: LayoutShell render. hasData: false
  Γ£ÿ  1 [chromium] ΓÇ║ tests\e2e\local-ingest-to-dashboard.spec.ts:13:5 ΓÇ║ Local Ingest to Dashboard Flow ΓÇ║ Ingest Local Excel Files and Verify Dashboard Updates (840ms)


  1) [chromium] ΓÇ║ tests\e2e\local-ingest-to-dashboard.spec.ts:13:5 ΓÇ║ Local Ingest to Dashboard Flow ΓÇ║ Ingest Local Excel Files and Verify Dashboard Updates 

    Error: [2mexpect([22m[31mreceived[39m[2m).[22mtoBeGreaterThan[2m([22m[32mexpected[39m[2m)[22m

    Expected: > [32m0[39m
    Received:   [31m0[39m

       at fixtures\dataLoader.ts:45

      43 |     const cellCountText = await page.getByTestId('result-cells-count').textContent();
      44 |
    > 45 |     expect(parseInt(projectCountText || '0')).toBeGreaterThan(0);
         |                                               ^
      46 |     expect(parseInt(cellCountText || '0')).toBeGreaterThan(0);
      47 | }
      48 |
        at ingestLocalFixture (C:\Users\George\source\repos\AntiG\SimPilot\tests\e2e\fixtures\dataLoader.ts:45:47)
        at C:\Users\George\source\repos\AntiG\SimPilot\tests\e2e\local-ingest-to-dashboard.spec.ts:33:9

    Error Context: test-results\local-ingest-to-dashboard--05909-nd-Verify-Dashboard-Updates-chromium\error-context.md

  1 failed
    [chromium] ΓÇ║ tests\e2e\local-ingest-to-dashboard.spec.ts:13:5 ΓÇ║ Local Ingest to Dashboard Flow ΓÇ║ Ingest Local Excel Files and Verify Dashboard Updates 
